// Vitest Snapshot v1, https://vitest.dev/guide/snapshot.html

exports[`MyCounter > should match snapshot 1`] = `
"<section data-v-0352012b="">
  <h3 data-v-0352012b="">5</h3>
  <h3 data-v-0352012b="">25</h3>
  <div data-v-0352012b="" class="flex gap-2"><button data-v-0352012b="" class="bg-blue-500 text-white p-5 rounded-md mr-2">+1</button><button data-v-0352012b="" class="bg-red-500 text-white p-5 rounded-md">-1</button></div>
</section>"
`;
